// Jest Snapshot v1, https://goo.gl/fbAQLP

exports[`integration tests Test Gene related_to Disease 1`] = `
Object {
  "data": Object {
    "Gene": Array [
      Object {
        "Disease": Array [
          Object {
            "api": "Automat CORD19 Scibite API",
            "id": "MONDO:0019052",
            "label": "inborn errors of metabolism",
            "publication": Array [],
          },
          Object {
            "api": "mydisease.info API",
            "id": "UMLS:C1855670",
            "label": "Abnormality of the cornea",
            "publication": Array [],
          },
          Object {
            "api": "mydisease.info API",
            "id": "MONDO:0008865",
            "label": "Bietti crystalline corneoretinal dystrophy",
            "publication": Array [],
          },
          Object {
            "api": "CORD Gene API",
            "id": "MONDO:0001280",
            "label": "choroiditis",
            "publication": Array [
              "pmc:PMC6517852",
            ],
          },
          Object {
            "api": "CORD Gene API",
            "id": "MONDO:0019200",
            "label": "retinitis pigmentosa",
            "publication": Array [
              "pmc:PMC6517852",
            ],
          },
          Object {
            "api": "DISEASES API",
            "id": "MONDO:0006025",
            "label": "autosomal recessive disease",
            "publication": Array [],
          },
          Object {
            "api": "DISEASES API",
            "id": "MONDO:0008777",
            "label": "gelatinous drop-like corneal dystrophy",
            "publication": Array [],
          },
          Object {
            "api": "DISEASES API",
            "id": "MONDO:0013512",
            "label": "hemoglobin H disease",
            "publication": Array [],
          },
          Object {
            "api": "DISEASES API",
            "id": "DOID:0111456",
            "label": "DOID:0111456",
            "publication": Array [],
          },
          Object {
            "api": "DISEASES API",
            "id": "MONDO:0001347",
            "label": "facioscapulohumeral muscular dystrophy",
            "publication": Array [],
          },
          Object {
            "api": "DISEASES API",
            "id": "MONDO:0009902",
            "label": "cutaneous porphyria",
            "publication": Array [],
          },
          Object {
            "api": "DISEASES API",
            "id": "MONDO:0009831",
            "label": "malignant pancreatic neoplasm",
            "publication": Array [],
          },
          Object {
            "api": "DISEASES API",
            "id": "MONDO:0005311",
            "label": "atherosclerosis",
            "publication": Array [],
          },
          Object {
            "api": "DISEASES API",
            "id": "MONDO:0002263",
            "label": "female reproductive system disease",
            "publication": Array [],
          },
          Object {
            "api": "DISEASES API",
            "id": "MONDO:0005836",
            "label": "male reproductive organ cancer",
            "publication": Array [],
          },
          Object {
            "api": "DISEASES API",
            "id": "MONDO:0000001",
            "label": "disease or disorder",
            "publication": Array [],
          },
          Object {
            "api": "DISEASES API",
            "id": "MONDO:0005328",
            "label": "eye disease",
            "publication": Array [],
          },
          Object {
            "api": "DISEASES API",
            "id": "MONDO:0005575",
            "label": "colorectal cancer",
            "publication": Array [],
          },
          Object {
            "api": "DISEASES API",
            "id": "MONDO:0003847",
            "label": "Mendelian disease",
            "publication": Array [],
          },
          Object {
            "api": "DISEASES API",
            "id": "MONDO:0003916",
            "label": "overnutrition",
            "publication": Array [],
          },
          Object {
            "api": "DISEASES API",
            "id": "MONDO:0004579",
            "label": "retinoschisis",
            "publication": Array [],
          },
          Object {
            "api": "DISEASES API",
            "id": "MONDO:0005108",
            "label": "viral infectious disease",
            "publication": Array [],
          },
          Object {
            "api": "DISEASES API",
            "id": "MONDO:0005279",
            "label": "pulmonary embolism (disease)",
            "publication": Array [],
          },
          Object {
            "api": "DISEASES API",
            "id": "MONDO:0000224",
            "label": "acquired carbohydrate metabolism disease",
            "publication": Array [],
          },
          Object {
            "api": "DISEASES API",
            "id": "MONDO:0019516",
            "label": "exudative vitreoretinopathy",
            "publication": Array [],
          },
          Object {
            "api": "DISEASES API",
            "id": "MONDO:0015993",
            "label": "cone-rod dystrophy",
            "publication": Array [],
          },
          Object {
            "api": "DISEASES API",
            "id": "MONDO:0005503",
            "label": "developmental disorder of mental health",
            "publication": Array [],
          },
          Object {
            "api": "DISEASES API",
            "id": "MONDO:0009046",
            "label": "Fraser syndrome",
            "publication": Array [],
          },
          Object {
            "api": "DISEASES API",
            "id": "DOID:0111902",
            "label": "DOID:0111902",
            "publication": Array [],
          },
          Object {
            "api": "DISEASES API",
            "id": "MONDO:0000942",
            "label": "corneal disease",
            "publication": Array [],
          },
          Object {
            "api": "DISEASES API",
            "id": "MONDO:0001142",
            "label": "salivary gland disease",
            "publication": Array [],
          },
          Object {
            "api": "DISEASES API",
            "id": "MONDO:0001200",
            "label": "secondary hypertension",
            "publication": Array [],
          },
          Object {
            "api": "DISEASES API",
            "id": "MONDO:0001269",
            "label": "scleral disease",
            "publication": Array [],
          },
          Object {
            "api": "DISEASES API",
            "id": "MONDO:0002025",
            "label": "psychiatric disorder",
            "publication": Array [],
          },
          Object {
            "api": "DISEASES API",
            "id": "MONDO:0005385",
            "label": "vascular disease",
            "publication": Array [],
          },
          Object {
            "api": "DISEASES API",
            "id": "MONDO:0015229",
            "label": "Bardet-Biedl syndrome",
            "publication": Array [],
          },
          Object {
            "api": "DISEASES API",
            "id": "MONDO:0002280",
            "label": "anemia (disease)",
            "publication": Array [],
          },
          Object {
            "api": "DISEASES API",
            "id": "MONDO:0018102",
            "label": "corneal dystrophy (disease)",
            "publication": Array [],
          },
          Object {
            "api": "DISEASES API",
            "id": "MONDO:0003005",
            "label": "macular retinal edema",
            "publication": Array [],
          },
          Object {
            "api": "DISEASES API",
            "id": "MONDO:0003085",
            "label": "keratitis",
            "publication": Array [],
          },
          Object {
            "api": "DISEASES API",
            "id": "MONDO:0008948",
            "label": "cerebrotendinous xanthomatosis",
            "publication": Array [],
          },
          Object {
            "api": "DISEASES API",
            "id": "MONDO:0003274",
            "label": "thoracic cancer",
            "publication": Array [],
          },
          Object {
            "api": "DISEASES API",
            "id": "MONDO:0007256",
            "label": "hepatocellular carcinoma",
            "publication": Array [],
          },
          Object {
            "api": "DISEASES API",
            "id": "MONDO:0004883",
            "label": "hereditary choroidal atrophy",
            "publication": Array [],
          },
          Object {
            "api": "DISEASES API",
            "id": "DOID:0050155",
            "label": "DOID:0050155",
            "publication": Array [],
          },
          Object {
            "api": "DISEASES API",
            "id": "MONDO:0021004",
            "label": "brachydactyly (disease)",
            "publication": Array [],
          },
          Object {
            "api": "DISEASES API",
            "id": "MONDO:0019353",
            "label": "Stargardt disease",
            "publication": Array [],
          },
          Object {
            "api": "DISEASES API",
            "id": "MONDO:0000507",
            "label": "inclusion body myopathy with Paget disease of bone and frontotemporal dementia",
            "publication": Array [],
          },
          Object {
            "api": "DISEASES API",
            "id": "MONDO:0012056",
            "label": "Leber congenital amaurosis 9",
            "publication": Array [],
          },
          Object {
            "api": "DISEASES API",
            "id": "DOID:0111386",
            "label": "DOID:0111386",
            "publication": Array [],
          },
          Object {
            "api": "DISEASES API",
            "id": "MONDO:0019046",
            "label": "leukodystrophy",
            "publication": Array [],
          },
          Object {
            "api": "DISEASES API",
            "id": "MONDO:0005150",
            "label": "age-related macular degeneration",
            "publication": Array [],
          },
          Object {
            "api": "DISEASES API",
            "id": "MONDO:0001176",
            "label": "lens disease",
            "publication": Array [],
          },
          Object {
            "api": "DISEASES API",
            "id": "MONDO:0001308",
            "label": "corneal deposit",
            "publication": Array [],
          },
          Object {
            "api": "DISEASES API",
            "id": "MONDO:0001321",
            "label": "scleral staphyloma (disease)",
            "publication": Array [],
          },
          Object {
            "api": "DISEASES API",
            "id": "MONDO:0001383",
            "label": "degenerative myopia",
            "publication": Array [],
          },
          Object {
            "api": "DISEASES API",
            "id": "MONDO:0011644",
            "label": "pars planitis",
            "publication": Array [],
          },
          Object {
            "api": "DISEASES API",
            "id": "MONDO:0001914",
            "label": "scleromalacia perforans",
            "publication": Array [],
          },
          Object {
            "api": "DISEASES API",
            "id": "MONDO:0002254",
            "label": "syndromic disease",
            "publication": Array [],
          },
          Object {
            "api": "DISEASES API",
            "id": "MONDO:0002277",
            "label": "arteriosclerosis disorder",
            "publication": Array [],
          },
          Object {
            "api": "DISEASES API",
            "id": "MONDO:0005046",
            "label": "immune system disease",
            "publication": Array [],
          },
          Object {
            "api": "DISEASES API",
            "id": "MONDO:0021636",
            "label": "astrocytic tumor",
            "publication": Array [],
          },
          Object {
            "api": "DISEASES API",
            "id": "MONDO:0005154",
            "label": "liver disease",
            "publication": Array [],
          },
          Object {
            "api": "DISEASES API",
            "id": "MONDO:0003150",
            "label": "male reproductive system disease",
            "publication": Array [],
          },
          Object {
            "api": "DISEASES API",
            "id": "DOID:60001",
            "label": "DOID:60001",
            "publication": Array [],
          },
          Object {
            "api": "DISEASES API",
            "id": "MONDO:0011057",
            "label": "cerebrovascular disorder",
            "publication": Array [],
          },
          Object {
            "api": "DISEASES API",
            "id": "MONDO:0004651",
            "label": "smallpox",
            "publication": Array [],
          },
          Object {
            "api": "DISEASES API",
            "id": "MONDO:0004790",
            "label": "fatty liver disease",
            "publication": Array [],
          },
          Object {
            "api": "DISEASES API",
            "id": "MONDO:0019245",
            "label": "lysosomal lipid storage disorder",
            "publication": Array [],
          },
          Object {
            "api": "DISEASES API",
            "id": "MONDO:0000426",
            "label": "autosomal dominant disease",
            "publication": Array [],
          },
          Object {
            "api": "DISEASES API",
            "id": "MONDO:0000637",
            "label": "musculoskeletal system cancer",
            "publication": Array [],
          },
          Object {
            "api": "DISEASES API",
            "id": "MONDO:0014435",
            "label": "Bardet-Biedl syndrome 7",
            "publication": Array [],
          },
          Object {
            "api": "DISEASES API",
            "id": "DOID:0111405",
            "label": "DOID:0111405",
            "publication": Array [],
          },
          Object {
            "api": "DISEASES API",
            "id": "MONDO:0000958",
            "label": "neuroretinitis",
            "publication": Array [],
          },
          Object {
            "api": "DISEASES API",
            "id": "MONDO:0016239",
            "label": "cystinosis",
            "publication": Array [],
          },
          Object {
            "api": "DISEASES API",
            "id": "MONDO:0001384",
            "label": "myopia (disease)",
            "publication": Array [],
          },
          Object {
            "api": "DISEASES API",
            "id": "MONDO:0005136",
            "label": "malaria",
            "publication": Array [],
          },
          Object {
            "api": "DISEASES API",
            "id": "MONDO:0001576",
            "label": "telangiectasis",
            "publication": Array [],
          },
          Object {
            "api": "DISEASES API",
            "id": "MONDO:0005559",
            "label": "neurodegenerative disease",
            "publication": Array [],
          },
          Object {
            "api": "DISEASES API",
            "id": "MONDO:0001700",
            "label": "megaloblastic anemia (disease)",
            "publication": Array [],
          },
          Object {
            "api": "DISEASES API",
            "id": "MONDO:0005135",
            "label": "parasitic infection",
            "publication": Array [],
          },
          Object {
            "api": "DISEASES API",
            "id": "MONDO:0021069",
            "label": "malignant endocrine neoplasm",
            "publication": Array [],
          },
          Object {
            "api": "DISEASES API",
            "id": "MONDO:0007113",
            "label": "Angelman syndrome",
            "publication": Array [],
          },
          Object {
            "api": "DISEASES API",
            "id": "MONDO:0002277",
            "label": "arteriosclerosis disorder",
            "publication": Array [],
          },
          Object {
            "api": "DISEASES API",
            "id": "MONDO:0002305",
            "label": "thrombophilia",
            "publication": Array [],
          },
          Object {
            "api": "DISEASES API",
            "id": "MONDO:0002615",
            "label": "xanthomatosis (disease)",
            "publication": Array [],
          },
          Object {
            "api": "DISEASES API",
            "id": "MONDO:0006026",
            "label": "urinary bladder disease",
            "publication": Array [],
          },
          Object {
            "api": "DISEASES API",
            "id": "MONDO:0003036",
            "label": "mucoepidermoid carcinoma",
            "publication": Array [],
          },
          Object {
            "api": "DISEASES API",
            "id": "MONDO:0007006",
            "label": "ulnar neuropathy",
            "publication": Array [],
          },
          Object {
            "api": "DISEASES API",
            "id": "MONDO:0003105",
            "label": "prostate disease",
            "publication": Array [],
          },
          Object {
            "api": "DISEASES API",
            "id": "MONDO:0019799",
            "label": "hepatoerythropoietic porphyria",
            "publication": Array [],
          },
          Object {
            "api": "DISEASES API",
            "id": "MONDO:0003900",
            "label": "connective tissue disease",
            "publication": Array [],
          },
          Object {
            "api": "DISEASES API",
            "id": "MONDO:0006843",
            "label": "macular holes",
            "publication": Array [],
          },
          Object {
            "api": "DISEASES API",
            "id": "MONDO:0005076",
            "label": "periodontitis",
            "publication": Array [],
          },
          Object {
            "api": "DISEASES API",
            "id": "MONDO:0004588",
            "label": "night blindness",
            "publication": Array [],
          },
          Object {
            "api": "DISEASES API",
            "id": "MONDO:0010557",
            "label": "choroideremia",
            "publication": Array [],
          },
          Object {
            "api": "DISEASES API",
            "id": "MONDO:0000270",
            "label": "lower respiratory tract disease",
            "publication": Array [],
          },
          Object {
            "api": "DISEASES API",
            "id": "MONDO:0000429",
            "label": "autosomal genetic disease",
            "publication": Array [],
          },
          Object {
            "api": "DISEASES API",
            "id": "MONDO:0000473",
            "label": "arterial disorder",
            "publication": Array [],
          },
          Object {
            "api": "DISEASES API",
            "id": "MONDO:0009989",
            "label": "enhanced S-cone syndrome",
            "publication": Array [],
          },
          Object {
            "api": "DISEASES API",
            "id": "MONDO:0010828",
            "label": "retinitis pigmentosa 11",
            "publication": Array [],
          },
          Object {
            "api": "DISEASES API",
            "id": "MONDO:0001071",
            "label": "intellectual disability",
            "publication": Array [],
          },
          Object {
            "api": "DISEASES API",
            "id": "MONDO:0007665",
            "label": "primary open angle glaucoma",
            "publication": Array [],
          },
          Object {
            "api": "DISEASES API",
            "id": "MONDO:0008300",
            "label": "Prader-Willi syndrome",
            "publication": Array [],
          },
          Object {
            "api": "DISEASES API",
            "id": "MONDO:0001416",
            "label": "female reproductive organ cancer",
            "publication": Array [],
          },
          Object {
            "api": "DISEASES API",
            "id": "MONDO:0004995",
            "label": "cardiovascular disease",
            "publication": Array [],
          },
          Object {
            "api": "DISEASES API",
            "id": "MONDO:0005087",
            "label": "respiratory system disease",
            "publication": Array [],
          },
          Object {
            "api": "DISEASES API",
            "id": "MONDO:0004992",
            "label": "cancer",
            "publication": Array [],
          },
          Object {
            "api": "DISEASES API",
            "id": "MONDO:0019269",
            "label": "ichthyosis (disease)",
            "publication": Array [],
          },
          Object {
            "api": "DISEASES API",
            "id": "MONDO:0018234",
            "label": "dysostosis",
            "publication": Array [],
          },
          Object {
            "api": "DISEASES API",
            "id": "MONDO:0002356",
            "label": "pancreas disease",
            "publication": Array [],
          },
          Object {
            "api": "DISEASES API",
            "id": "MONDO:0006821",
            "label": "kidney papillary necrosis",
            "publication": Array [],
          },
          Object {
            "api": "DISEASES API",
            "id": "MONDO:0005020",
            "label": "intestinal disease",
            "publication": Array [],
          },
          Object {
            "api": "DISEASES API",
            "id": "MONDO:0005240",
            "label": "kidney disease",
            "publication": Array [],
          },
          Object {
            "api": "DISEASES API",
            "id": "MONDO:0003620",
            "label": "peripheral nervous system disease",
            "publication": Array [],
          },
          Object {
            "api": "DISEASES API",
            "id": "MONDO:0003795",
            "label": "ovarian small cell carcinoma",
            "publication": Array [],
          },
          Object {
            "api": "DISEASES API",
            "id": "MONDO:0003939",
            "label": "muscle tissue disease",
            "publication": Array [],
          },
          Object {
            "api": "DISEASES API",
            "id": "MONDO:0005244",
            "label": "peripheral neuropathy",
            "publication": Array [],
          },
          Object {
            "api": "DISEASES API",
            "id": "MONDO:0004737",
            "label": "homocystinuria (disease)",
            "publication": Array [],
          },
          Object {
            "api": "DISEASES API",
            "id": "MONDO:0004890",
            "label": "partial central choroid dystrophy",
            "publication": Array [],
          },
          Object {
            "api": "DISEASES API",
            "id": "MONDO:0004892",
            "label": "refractive error",
            "publication": Array [],
          },
          Object {
            "api": "DISEASES API",
            "id": "DOID:0050177",
            "label": "DOID:0050177",
            "publication": Array [],
          },
          Object {
            "api": "DISEASES API",
            "id": "MONDO:0008763",
            "label": "Alstrom syndrome",
            "publication": Array [],
          },
          Object {
            "api": "DISEASES API",
            "id": "MONDO:0000376",
            "label": "respiratory system cancer",
            "publication": Array [],
          },
          Object {
            "api": "DISEASES API",
            "id": "MONDO:0008865",
            "label": "Bietti crystalline corneoretinal dystrophy",
            "publication": Array [],
          },
          Object {
            "api": "DISEASES API",
            "id": "MONDO:0004992",
            "label": "cancer",
            "publication": Array [],
          },
          Object {
            "api": "DISEASES API",
            "id": "MONDO:0018772",
            "label": "Joubert syndrome",
            "publication": Array [],
          },
          Object {
            "api": "DISEASES API",
            "id": "MONDO:0000592",
            "label": "specific developmental disorder",
            "publication": Array [],
          },
          Object {
            "api": "DISEASES API",
            "id": "MONDO:0000764",
            "label": "epithelial-stromal TGFBI dystrophy",
            "publication": Array [],
          },
          Object {
            "api": "DISEASES API",
            "id": "MONDO:0011855",
            "label": "granular corneal dystrophy type II",
            "publication": Array [],
          },
          Object {
            "api": "DISEASES API",
            "id": "MONDO:0005381",
            "label": "bone disease",
            "publication": Array [],
          },
          Object {
            "api": "DISEASES API",
            "id": "MONDO:0008767",
            "label": "neuronal ceroid lipofuscinosis 3",
            "publication": Array [],
          },
          Object {
            "api": "DISEASES API",
            "id": "MONDO:0005814",
            "label": "intestinal cancer",
            "publication": Array [],
          },
          Object {
            "api": "DISEASES API",
            "id": "MONDO:0006999",
            "label": "tooth disease",
            "publication": Array [],
          },
          Object {
            "api": "DISEASES API",
            "id": "MONDO:0001306",
            "label": "recurrent corneal erosion",
            "publication": Array [],
          },
          Object {
            "api": "DISEASES API",
            "id": "MONDO:0011782",
            "label": "angioid streaks",
            "publication": Array [],
          },
          Object {
            "api": "DISEASES API",
            "id": "MONDO:0009796",
            "label": "ornithine aminotransferase deficiency",
            "publication": Array [],
          },
          Object {
            "api": "DISEASES API",
            "id": "MONDO:0005070",
            "label": "neoplasm (disease)",
            "publication": Array [],
          },
          Object {
            "api": "DISEASES API",
            "id": "MONDO:0005039",
            "label": "reproductive system disease",
            "publication": Array [],
          },
          Object {
            "api": "DISEASES API",
            "id": "MONDO:0002129",
            "label": "bone cancer",
            "publication": Array [],
          },
          Object {
            "api": "DISEASES API",
            "id": "MONDO:0002149",
            "label": "reproductive system cancer",
            "publication": Array [],
          },
          Object {
            "api": "DISEASES API",
            "id": "MONDO:0002657",
            "label": "breast disease",
            "publication": Array [],
          },
          Object {
            "api": "DISEASES API",
            "id": "MONDO:0002661",
            "label": "uveal disease",
            "publication": Array [],
          },
          Object {
            "api": "DISEASES API",
            "id": "MONDO:0019169",
            "label": "pyruvate dehydrogenase deficiency",
            "publication": Array [],
          },
          Object {
            "api": "DISEASES API",
            "id": "MONDO:0006858",
            "label": "mouth disease",
            "publication": Array [],
          },
          Object {
            "api": "DISEASES API",
            "id": "MONDO:0003233",
            "label": "essential tremor",
            "publication": Array [],
          },
          Object {
            "api": "DISEASES API",
            "id": "MONDO:0005071",
            "label": "nervous system disorder",
            "publication": Array [],
          },
          Object {
            "api": "DISEASES API",
            "id": "MONDO:0004686",
            "label": "lattice corneal dystrophy (disease)",
            "publication": Array [],
          },
          Object {
            "api": "DISEASES API",
            "id": "MONDO:0005015",
            "label": "diabetes mellitus (disease)",
            "publication": Array [],
          },
          Object {
            "api": "DISEASES API",
            "id": "MONDO:0016293",
            "label": "congenital stationary night blindness",
            "publication": Array [],
          },
          Object {
            "api": "DISEASES API",
            "id": "MONDO:0010371",
            "label": "Aland island eye disease",
            "publication": Array [],
          },
          Object {
            "api": "DISEASES API",
            "id": "MONDO:0019637",
            "label": "renal hypoplasia (disease)",
            "publication": Array [],
          },
          Object {
            "api": "DISEASES API",
            "id": "MONDO:0024573",
            "label": "familial hypertrophic cardiomyopathy",
            "publication": Array [],
          },
          Object {
            "api": "DISEASES API",
            "id": "MONDO:0012078",
            "label": "Joubert syndrome 3",
            "publication": Array [],
          },
          Object {
            "api": "DISEASES API",
            "id": "MONDO:0008315",
            "label": "prostate cancer",
            "publication": Array [],
          },
          Object {
            "api": "DISEASES API",
            "id": "MONDO:0018544",
            "label": "X-linked adrenoleukodystrophy",
            "publication": Array [],
          },
          Object {
            "api": "DISEASES API",
            "id": "MONDO:0005338",
            "label": "open-angle glaucoma",
            "publication": Array [],
          },
          Object {
            "api": "DISEASES API",
            "id": "MONDO:0001105",
            "label": "renal hypertension",
            "publication": Array [],
          },
          Object {
            "api": "DISEASES API",
            "id": "MONDO:0001222",
            "label": "congenital T-cell immunodeficiency",
            "publication": Array [],
          },
          Object {
            "api": "DISEASES API",
            "id": "MONDO:0006713",
            "label": "corneal neovascularization",
            "publication": Array [],
          },
          Object {
            "api": "DISEASES API",
            "id": "MONDO:0001452",
            "label": "pseudoretinitis pigmentosa",
            "publication": Array [],
          },
          Object {
            "api": "DISEASES API",
            "id": "MONDO:0001531",
            "label": "blood coagulation disease",
            "publication": Array [],
          },
          Object {
            "api": "DISEASES API",
            "id": "MONDO:0008903",
            "label": "lung cancer",
            "publication": Array [],
          },
          Object {
            "api": "DISEASES API",
            "id": "MONDO:0002051",
            "label": "integumentary system disease",
            "publication": Array [],
          },
          Object {
            "api": "DISEASES API",
            "id": "MONDO:0005041",
            "label": "glaucoma (disease)",
            "publication": Array [],
          },
          Object {
            "api": "DISEASES API",
            "id": "MONDO:0021063",
            "label": "malignant colon neoplasm",
            "publication": Array [],
          },
          Object {
            "api": "DISEASES API",
            "id": "MONDO:0004993",
            "label": "carcinoma",
            "publication": Array [],
          },
          Object {
            "api": "DISEASES API",
            "id": "MONDO:0015917",
            "label": "malignant glioma",
            "publication": Array [],
          },
          Object {
            "api": "DISEASES API",
            "id": "MONDO:0002516",
            "label": "digestive system cancer",
            "publication": Array [],
          },
          Object {
            "api": "DISEASES API",
            "id": "MONDO:0005336",
            "label": "myopathy",
            "publication": Array [],
          },
          Object {
            "api": "DISEASES API",
            "id": "MONDO:0009997",
            "label": "Roberts syndrome",
            "publication": Array [],
          },
          Object {
            "api": "DISEASES API",
            "id": "MONDO:0003409",
            "label": "colonic disease",
            "publication": Array [],
          },
          Object {
            "api": "DISEASES API",
            "id": "MONDO:0004037",
            "label": "retinal edema",
            "publication": Array [],
          },
          Object {
            "api": "DISEASES API",
            "id": "MONDO:0021199",
            "label": "disease by anatomical system",
            "publication": Array [],
          },
          Object {
            "api": "DISEASES API",
            "id": "MONDO:0019118",
            "label": "inherited retinal dystrophy",
            "publication": Array [],
          },
          Object {
            "api": "DISEASES API",
            "id": "MONDO:0004885",
            "label": "choroidal sclerosis",
            "publication": Array [],
          },
          Object {
            "api": "DISEASES API",
            "id": "MONDO:0000365",
            "label": "primary congenital glaucoma (disease)",
            "publication": Array [],
          },
          Object {
            "api": "DISEASES API",
            "id": "MONDO:0000425",
            "label": "X-linked disease",
            "publication": Array [],
          },
          Object {
            "api": "DISEASES API",
            "id": "MONDO:0000521",
            "label": "salivary gland carcinoma",
            "publication": Array [],
          },
          Object {
            "api": "DISEASES API",
            "id": "MONDO:0000651",
            "label": "thoracic disease",
            "publication": Array [],
          },
          Object {
            "api": "DISEASES API",
            "id": "MONDO:0007375",
            "label": "epithelial basement membrane dystrophy",
            "publication": Array [],
          },
          Object {
            "api": "DISEASES API",
            "id": "MONDO:0000812",
            "label": "vertebral column disease",
            "publication": Array [],
          },
          Object {
            "api": "DISEASES API",
            "id": "MONDO:0000831",
            "label": "thrombotic disease",
            "publication": Array [],
          },
          Object {
            "api": "DISEASES API",
            "id": "MONDO:0005218",
            "label": "muscular disease",
            "publication": Array [],
          },
          Object {
            "api": "DISEASES API",
            "id": "MONDO:0020605",
            "label": "X-linked recessive disease",
            "publication": Array [],
          },
          Object {
            "api": "DISEASES API",
            "id": "DOID:0111375",
            "label": "DOID:0111375",
            "publication": Array [],
          },
          Object {
            "api": "DISEASES API",
            "id": "MONDO:0005044",
            "label": "hypertensive disorder",
            "publication": Array [],
          },
          Object {
            "api": "DISEASES API",
            "id": "MONDO:0007639",
            "label": "fundus albipunctatus",
            "publication": Array [],
          },
          Object {
            "api": "DISEASES API",
            "id": "MONDO:0009016",
            "label": "band keratopathy",
            "publication": Array [],
          },
          Object {
            "api": "DISEASES API",
            "id": "MONDO:0001515",
            "label": "corneal degeneration",
            "publication": Array [],
          },
          Object {
            "api": "DISEASES API",
            "id": "MONDO:0005181",
            "label": "progressive external ophthalmoplegia",
            "publication": Array [],
          },
          Object {
            "api": "DISEASES API",
            "id": "MONDO:0001657",
            "label": "brain cancer",
            "publication": Array [],
          },
          Object {
            "api": "DISEASES API",
            "id": "MONDO:0022687",
            "label": "cerebellar degeneration",
            "publication": Array [],
          },
          Object {
            "api": "DISEASES API",
            "id": "MONDO:0002081",
            "label": "musculoskeletal system disease",
            "publication": Array [],
          },
          Object {
            "api": "DISEASES API",
            "id": "MONDO:0002175",
            "label": "degeneration of macula and posterior pole",
            "publication": Array [],
          },
          Object {
            "api": "DISEASES API",
            "id": "MONDO:0009210",
            "label": "congenital factor V deficiency",
            "publication": Array [],
          },
          Object {
            "api": "DISEASES API",
            "id": "MONDO:0009925",
            "label": "autosomal recessive inherited pseudoxanthoma elasticum",
            "publication": Array [],
          },
          Object {
            "api": "DISEASES API",
            "id": "MONDO:0018177",
            "label": "glioblastoma (disease)",
            "publication": Array [],
          },
          Object {
            "api": "DISEASES API",
            "id": "MONDO:0002515",
            "label": "hepatobiliary disease",
            "publication": Array [],
          },
          Object {
            "api": "DISEASES API",
            "id": "MONDO:0002602",
            "label": "central nervous system disease",
            "publication": Array [],
          },
          Object {
            "api": "DISEASES API",
            "id": "MONDO:0006295",
            "label": "malignant urinary system neoplasm",
            "publication": Array [],
          },
          Object {
            "api": "DISEASES API",
            "id": "MONDO:0003778",
            "label": "primary immunodeficiency disease",
            "publication": Array [],
          },
          Object {
            "api": "DISEASES API",
            "id": "MONDO:0005570",
            "label": "hematologic disease",
            "publication": Array [],
          },
          Object {
            "api": "DISEASES API",
            "id": "MONDO:0019118",
            "label": "inherited retinal dystrophy",
            "publication": Array [],
          },
          Object {
            "api": "DISEASES API",
            "id": "MONDO:0005515",
            "label": "oral cavity cancer",
            "publication": Array [],
          },
          Object {
            "api": "DISEASES API",
            "id": "MONDO:0004758",
            "label": "scotoma (disease)",
            "publication": Array [],
          },
          Object {
            "api": "DISEASES API",
            "id": "MONDO:0011122",
            "label": "obesity disorder",
            "publication": Array [],
          },
          Object {
            "api": "DISEASES API",
            "id": "MONDO:0005066",
            "label": "metabolic disease",
            "publication": Array [],
          },
          Object {
            "api": "DISEASES API",
            "id": "MONDO:0005550",
            "label": "infectious disease",
            "publication": Array [],
          },
          Object {
            "api": "DISEASES API",
            "id": "MONDO:0019501",
            "label": "Usher syndrome",
            "publication": Array [],
          },
          Object {
            "api": "DISEASES API",
            "id": "MONDO:0000390",
            "label": "vitelliform macular dystrophy",
            "publication": Array [],
          },
          Object {
            "api": "DISEASES API",
            "id": "MONDO:0006504",
            "label": "acquired metabolic disease",
            "publication": Array [],
          },
          Object {
            "api": "DISEASES API",
            "id": "MONDO:0013026",
            "label": "subepithelial mucinous corneal dystrophy",
            "publication": Array [],
          },
          Object {
            "api": "DISEASES API",
            "id": "MONDO:0017265",
            "label": "autosomal recessive congenital ichthyosis",
            "publication": Array [],
          },
          Object {
            "api": "DISEASES API",
            "id": "DOID:0080355",
            "label": "DOID:0080355",
            "publication": Array [],
          },
          Object {
            "api": "DISEASES API",
            "id": "DOID:0080700",
            "label": "DOID:0080700",
            "publication": Array [],
          },
          Object {
            "api": "DISEASES API",
            "id": "DOID:0111228",
            "label": "DOID:0111228",
            "publication": Array [],
          },
          Object {
            "api": "DISEASES API",
            "id": "DOID:0111538",
            "label": "DOID:0111538",
            "publication": Array [],
          },
          Object {
            "api": "DISEASES API",
            "id": "MONDO:0019200",
            "label": "retinitis pigmentosa",
            "publication": Array [],
          },
          Object {
            "api": "DISEASES API",
            "id": "MONDO:0001187",
            "label": "urinary bladder cancer",
            "publication": Array [],
          },
          Object {
            "api": "DISEASES API",
            "id": "MONDO:0001451",
            "label": "peripheral retinal degeneration",
            "publication": Array [],
          },
          Object {
            "api": "DISEASES API",
            "id": "MONDO:0001737",
            "label": "tetanus neonatorum",
            "publication": Array [],
          },
          Object {
            "api": "DISEASES API",
            "id": "MONDO:0001898",
            "label": "optic choroid disease",
            "publication": Array [],
          },
          Object {
            "api": "DISEASES API",
            "id": "MONDO:0018998",
            "label": "Leber congenital amaurosis",
            "publication": Array [],
          },
          Object {
            "api": "DISEASES API",
            "id": "MONDO:0002118",
            "label": "urinary system disease",
            "publication": Array [],
          },
          Object {
            "api": "DISEASES API",
            "id": "MONDO:0002259",
            "label": "gonadal disease",
            "publication": Array [],
          },
          Object {
            "api": "DISEASES API",
            "id": "MONDO:0002261",
            "label": "keratopathy",
            "publication": Array [],
          },
          Object {
            "api": "DISEASES API",
            "id": "MONDO:0002281",
            "label": "macrocytic anemia (disease)",
            "publication": Array [],
          },
          Object {
            "api": "DISEASES API",
            "id": "MONDO:0002428",
            "label": "protozoa infectious disease",
            "publication": Array [],
          },
          Object {
            "api": "DISEASES API",
            "id": "MONDO:0005151",
            "label": "endocrine system disease",
            "publication": Array [],
          },
          Object {
            "api": "DISEASES API",
            "id": "MONDO:0005872",
            "label": "nervous system cancer",
            "publication": Array [],
          },
          Object {
            "api": "DISEASES API",
            "id": "MONDO:0002525",
            "label": "inherited lipid metabolism disorder",
            "publication": Array [],
          },
          Object {
            "api": "DISEASES API",
            "id": "MONDO:0002714",
            "label": "central nervous system cancer",
            "publication": Array [],
          },
          Object {
            "api": "DISEASES API",
            "id": "MONDO:0007935",
            "label": "cystoid macular edema",
            "publication": Array [],
          },
          Object {
            "api": "DISEASES API",
            "id": "MONDO:0003004",
            "label": "macular degeneration",
            "publication": Array [],
          },
          Object {
            "api": "DISEASES API",
            "id": "MONDO:0008375",
            "label": "retinal detachment",
            "publication": Array [],
          },
          Object {
            "api": "DISEASES API",
            "id": "MONDO:0009637",
            "label": "inborn mitochondrial myopathy",
            "publication": Array [],
          },
          Object {
            "api": "DISEASES API",
            "id": "MONDO:0004669",
            "label": "salivary gland cancer",
            "publication": Array [],
          },
          Object {
            "api": "DISEASES API",
            "id": "MONDO:0005148",
            "label": "type 2 diabetes mellitus",
            "publication": Array [],
          },
          Object {
            "api": "DISEASES API",
            "id": "MONDO:0004884",
            "label": "eye degenerative disease",
            "publication": Array [],
          },
          Object {
            "api": "DISEASES API",
            "id": "MONDO:0009959",
            "label": "peroxisome biogenesis disorder type 3B",
            "publication": Array [],
          },
          Object {
            "api": "DISEASES API",
            "id": "MONDO:0004992",
            "label": "cancer",
            "publication": Array [],
          },
          Object {
            "api": "DISEASES API",
            "id": "MONDO:0000455",
            "label": "cone dystrophy",
            "publication": Array [],
          },
          Object {
            "api": "DISEASES API",
            "id": "MONDO:0000763",
            "label": "epithelial and subepithelial corneal dystrophy",
            "publication": Array [],
          },
          Object {
            "api": "DISEASES API",
            "id": "MONDO:0010725",
            "label": "X-linked retinoschisis",
            "publication": Array [],
          },
          Object {
            "api": "DISEASES API",
            "id": "MONDO:0019040",
            "label": "chromosomal anomaly",
            "publication": Array [],
          },
          Object {
            "api": "DISEASES API",
            "id": "MONDO:0013611",
            "label": "retinitis pigmentosa 62",
            "publication": Array [],
          },
          Object {
            "api": "DISEASES API",
            "id": "MONDO:0011337",
            "label": "familial hemophagocytic lymphohistiocytosis 2",
            "publication": Array [],
          },
          Object {
            "api": "DISEASES API",
            "id": "MONDO:0012308",
            "label": "Joubert syndrome with renal defect",
            "publication": Array [],
          },
          Object {
            "api": "DISEASES API",
            "id": "DOID:0111712",
            "label": "DOID:0111712",
            "publication": Array [],
          },
          Object {
            "api": "DISEASES API",
            "id": "MONDO:0009958",
            "label": "adult Refsum disease",
            "publication": Array [],
          },
          Object {
            "api": "DISEASES API",
            "id": "MONDO:0011399",
            "label": "alpha thalassemia",
            "publication": Array [],
          },
          Object {
            "api": "DISEASES API",
            "id": "MONDO:0011284",
            "label": "astigmatism (disease)",
            "publication": Array [],
          },
          Object {
            "api": "DISEASES API",
            "id": "MONDO:0007404",
            "label": "Cri-du-chat syndrome",
            "publication": Array [],
          },
          Object {
            "api": "DISEASES API",
            "id": "MONDO:0008692",
            "label": "abetalipoproteinemia",
            "publication": Array [],
          },
          Object {
            "api": "Automat PHAROS API",
            "id": "MONDO:0008865",
            "label": "Bietti crystalline corneoretinal dystrophy",
            "publication": Array [],
          },
          Object {
            "api": "SEMMED Gene API",
            "id": "UMLS:C0004093",
            "label": "Asthenia",
            "publication": Array [
              "pubmed:22391096",
            ],
          },
          Object {
            "api": "SEMMED Gene API",
            "id": "MONDO:0010557",
            "label": "choroideremia",
            "publication": Array [
              "pubmed:27348340",
            ],
          },
          Object {
            "api": "SEMMED Gene API",
            "id": "MONDO:0003847",
            "label": "Mendelian disease",
            "publication": Array [
              "pubmed:23302251",
            ],
          },
          Object {
            "api": "SEMMED Gene API",
            "id": "MONDO:0005044",
            "label": "hypertensive disorder",
            "publication": Array [
              "pubmed:23834962",
            ],
          },
          Object {
            "api": "SEMMED Gene API",
            "id": "UMLS:C0021368",
            "label": "Inflammation",
            "publication": Array [
              "pubmed:24856391",
            ],
          },
          Object {
            "api": "SEMMED Gene API",
            "id": "MONDO:0008159",
            "label": "postmenopausal osteoporosis",
            "publication": Array [
              "pubmed:23410587",
            ],
          },
          Object {
            "api": "SEMMED Gene API",
            "id": "MONDO:0005263",
            "label": "unipolar depression",
            "publication": Array [
              "pubmed:25115444",
              "pubmed:28709058",
            ],
          },
          Object {
            "api": "SEMMED Gene API",
            "id": "UMLS:C0149871",
            "label": "Deep Vein Thrombosis",
            "publication": Array [
              "pubmed:18349091",
            ],
          },
          Object {
            "api": "SEMMED Gene API",
            "id": "UMLS:C0333606",
            "label": "UMLS:C0333606",
            "publication": Array [
              "pubmed:16179904",
              "pubmed:16186368",
              "pubmed:17962476",
              "pubmed:19508456",
              "pubmed:19661213",
              "pubmed:19797200",
              "pubmed:21565171",
              "pubmed:21850171",
              "pubmed:22087103",
              "pubmed:22772592",
              "pubmed:24856391",
              "pubmed:25118264",
              "pubmed:25276414",
              "pubmed:25593508",
              "pubmed:25629076",
              "pubmed:26085992",
              "pubmed:26521715",
              "pubmed:27658286",
              "pubmed:28698241",
              "pubmed:28763560",
              "pubmed:29197825",
            ],
          },
          Object {
            "api": "SEMMED Gene API",
            "id": "MONDO:0018998",
            "label": "Leber congenital amaurosis",
            "publication": Array [
              "pubmed:28453600",
            ],
          },
          Object {
            "api": "SEMMED Gene API",
            "id": "UMLS:C0600518",
            "label": "Choroidal Neovascularization",
            "publication": Array [
              "pubmed:21850171",
            ],
          },
          Object {
            "api": "SEMMED Gene API",
            "id": "UMLS:C0699748",
            "label": "UMLS:C0699748",
            "publication": Array [
              "pubmed:16179904",
            ],
          },
          Object {
            "api": "SEMMED Gene API",
            "id": "UMLS:C0877373",
            "label": "Advanced cancer",
            "publication": Array [
              "pubmed:20003241",
            ],
          },
          Object {
            "api": "SEMMED Gene API",
            "id": "MONDO:0000365",
            "label": "primary congenital glaucoma (disease)",
            "publication": Array [
              "pubmed:24856391",
            ],
          },
          Object {
            "api": "SEMMED Gene API",
            "id": "UMLS:C0009566",
            "label": "UMLS:C0009566",
            "publication": Array [
              "pubmed:25056909",
            ],
          },
          Object {
            "api": "BioLink API",
            "id": "MONDO:0008865",
            "label": "Bietti crystalline corneoretinal dystrophy",
            "publication": Array [
              "pubmed:15937078",
              "pubmed:21565171",
              "pubmed:15042513",
              "pubmed:25629076",
              "pubmed:26085992",
              "pubmed:15860296",
              "pubmed:25593508",
              "pubmed:26865810",
              "pubmed:23661369",
              "pubmed:19508456",
              "pubmed:22693542",
              "pubmed:23793346",
              "pubmed:24739949",
              "pubmed:17962476",
            ],
          },
          Object {
            "api": "CTD API",
            "id": "MONDO:0008865",
            "label": "Bietti crystalline corneoretinal dystrophy",
            "publication": Array [],
          },
        ],
        "id": "NCBIGene:285440",
        "label": "cytochrome P450 family 4 subfamily V member 2",
      },
    ],
  },
  "errors": undefined,
  "extensions": undefined,
  "http": Object {
    "headers": Headers {
      Symbol(map): Object {},
    },
  },
}
`;
